0 ||| this_OOV
1 ||| that_OOV
2 ||| these_OOV
3 ||| 
4 ||| those_OOV
